{
  "timestamp": 1523364075,
  "graphType": "service",
  "elements": {
    "nodes": [
      {
        "data": {
          "id": "715046fe06feb0ca6986fde2c2d18e22",
          "nodeType": "service",
          "namespace": "bankapp",
          "service": "pricing",
          "destServices": {
            "pricing": true
          },
          "rate": "20.00",
          "rateOut": "20.00",
          "isInaccessible": true,
          "isOutside": true
        }
      },
      {
        "data": {
          "id": "35533a08d948509abf8ae4d5d5647594",
          "nodeType": "service",
          "namespace": "bookinfo",
          "service": "details",
          "destServices": {
            "details": true
          },
          "rate": "80.00",
          "rate3XX": "20.00",
          "rate4XX": "20.00",
          "rate5XX": "20.00",
          "rateOut": "80.00"
        }
      },
      {
        "data": {
          "id": "42c017b34656a709d614f53967b05cc8",
          "nodeType": "service",
          "namespace": "bookinfo",
          "service": "productpage",
          "destServices": {
            "productpage": true
          },
          "rate": "170.00",
          "rateOut": "170.00"
        }
      },
      {
        "data": {
          "id": "e96a4db610f877425f52a4b563e24c4c",
          "nodeType": "service",
          "namespace": "bookinfo",
          "service": "ratings",
          "destServices": {
            "ratings": true
          },
          "rate": "40.00",
          "rateOut": "40.00"
        }
      },
      {
        "data": {
          "id": "e8a4c5a8a5a937ec63d1da940d4b68a1",
          "nodeType": "service",
          "namespace": "bookinfo",
          "service": "reviews",
          "destServices": {
            "reviews": true
          },
          "rate": "100.00",
          "rateOut": "100.00"
        }
      },
      {
        "data": {
          "id": "8a4a4ea447daf00b8a30169659086b5f",
          "nodeType": "service",
          "namespace": "bookinfo",
          "service": "tcp",
          "destServices": {
            "tcp": true
          },
          "rateTcpSent": "581.00",
          "rateTcpSentOut": "581.00"
        }
      },
      {
        "data": {
          "id": "c72e12859eac1424516065e6a64c92e0",
          "nodeType": "workload",
          "namespace": "istio-system",
          "workload": "ingressgateway-unknown",
          "app": "ingressgateway",
          "version": "unknown",
          "rateOut": "100.00",
          "rateTcpSentOut": "150.00",
          "isInaccessible": true,
          "isMisconfigured": "labels=[version]",
          "isOutside": true,
          "isRoot": true
        }
      },
      {
        "data": {
          "id": "b30b0078325bf2e1adb4d57c4c0c2665",
          "nodeType": "unknown",
          "namespace": "unknown",
          "workload": "unknown",
          "app": "unknown",
          "version": "unknown",
          "rateOut": "50.00",
          "rateTcpSentOut": "400.00",
          "isRoot": true
        }
      }
    ],
    "edges": [
      {
        "data": {
          "id": "619130e72e856618da923e25348f370f",
          "source": "42c017b34656a709d614f53967b05cc8",
          "target": "35533a08d948509abf8ae4d5d5647594",
          "rate": "80.00",
          "rate3XX": "20.00",
          "rate4XX": "20.00",
          "rate5XX": "20.00",
          "percentErr": "50.00",
          "percentRate": "50.00"
        }
      },
      {
        "data": {
          "id": "fafebffe3d83500a33fcdc0e268fabe4",
          "source": "42c017b34656a709d614f53967b05cc8",
          "target": "42c017b34656a709d614f53967b05cc8",
          "rate": "20.00",
          "percentRate": "12.50"
        }
      },
      {
        "data": {
          "id": "e4b85b504c8777f3882217b3791d4c60",
          "source": "42c017b34656a709d614f53967b05cc8",
          "target": "8a4a4ea447daf00b8a30169659086b5f",
          "tcpSentRate": "31.00"
        }
      },
      {
        "data": {
          "id": "1cf252f0a8d0ab09f9f5408ae22792f2",
          "source": "42c017b34656a709d614f53967b05cc8",
          "target": "e8a4c5a8a5a937ec63d1da940d4b68a1",
          "rate": "60.00",
          "percentRate": "37.50"
        }
      },
      {
        "data": {
          "id": "1f3288555e23c16338013c2413d5987b",
          "source": "b30b0078325bf2e1adb4d57c4c0c2665",
          "target": "42c017b34656a709d614f53967b05cc8",
          "rate": "50.00"
        }
      },
      {
        "data": {
          "id": "8c1b4e5d28259bbb16fac3edeb229115",
          "source": "b30b0078325bf2e1adb4d57c4c0c2665",
          "target": "8a4a4ea447daf00b8a30169659086b5f",
          "tcpSentRate": "400.00"
        }
      },
      {
        "data": {
          "id": "eed4f01258af80c8c8e2f07c548550f8",
          "source": "c72e12859eac1424516065e6a64c92e0",
          "target": "42c017b34656a709d614f53967b05cc8",
          "rate": "100.00"
        }
      },
      {
        "data": {
          "id": "dee0c874bb93f64c52f13ee82c5eee11",
          "source": "c72e12859eac1424516065e6a64c92e0",
          "target": "8a4a4ea447daf00b8a30169659086b5f",
          "tcpSentRate": "150.00"
        }
      },
      {
        "data": {
          "id": "c8ee3a318ac7b96bd1800e9d500e3db5",
          "source": "e8a4c5a8a5a937ec63d1da940d4b68a1",
          "target": "715046fe06feb0ca6986fde2c2d18e22",
          "rate": "20.00",
          "percentRate": "33.33"
        }
      },
      {
        "data": {
          "id": "1bec06d1f0bf0a55ec9501008f3d14d4",
          "source": "e8a4c5a8a5a937ec63d1da940d4b68a1",
          "target": "e8a4c5a8a5a937ec63d1da940d4b68a1",
          "rate": "40.00"
        }
      },
      {
        "data": {
          "id": "c8c0d78efa927aaff53a1a275cdc5e5e",
          "source": "e8a4c5a8a5a937ec63d1da940d4b68a1",
          "target": "e96a4db610f877425f52a4b563e24c4c",
          "rate": "40.00"
        }
      }
    ]
  }
}
