{
  "timestamp": 1523364075,
  "graphType": "versionedApp",
  "elements": {
    "nodes": [
      {
        "data": {
          "id": "a1ffc0d6abdf480e17b214b85257e633",
          "nodeType": "app",
          "namespace": "bookinfo",
          "workload": "productpage-v1",
          "app": "productpage",
          "version": "v1",
          "destServices": {
            "productpage": true
          },
          "rate": "50.00"
        }
      },
      {
        "data": {
          "id": "d75c918a12f72a1ea1797911cb9770f7",
          "nodeType": "app",
          "namespace": "tutorial",
          "workload": "customer-v1",
          "app": "customer",
          "version": "v1",
          "destServices": {
            "customer": true
          },
          "rate": "50.00",
          "rateOut": "50.00"
        }
      },
      {
        "data": {
          "id": "b30b0078325bf2e1adb4d57c4c0c2665",
          "nodeType": "unknown",
          "namespace": "unknown",
          "workload": "unknown",
          "app": "unknown",
          "version": "unknown",
          "rateOut": "50.00",
          "isRoot": true
        }
      }
    ],
    "edges": [
      {
        "data": {
          "id": "e0040271cbc5fd1bcf9e605d7a2c367d",
          "source": "b30b0078325bf2e1adb4d57c4c0c2665",
          "target": "a1ffc0d6abdf480e17b214b85257e633",
          "rate": "50.00"
        }
      },
      {
        "data": {
          "id": "7e12fa53b9413b80e96193555818be7e",
          "source": "b30b0078325bf2e1adb4d57c4c0c2665",
          "target": "d75c918a12f72a1ea1797911cb9770f7",
          "rate": "50.00"
        }
      },
      {
        "data": {
          "id": "de3e83491767bce819c83b9f9a75b497",
          "source": "d75c918a12f72a1ea1797911cb9770f7",
          "target": "a1ffc0d6abdf480e17b214b85257e633",
          "rate": "50.00"
        }
      }
    ]
  }
}
